// Jest Snapshot v1, https://goo.gl/fbAQLP

exports[`<Home /> renders correctly 1`] = `
<div>
  <div
    class="makeStyles-root-1"
  >
    <div
      class="makeStyles-container-3"
    >
      <h3
        class="makeStyles-contentHeader-4"
      >
        Currency Converter
      </h3>
      <div
        class="makeStyles-dashedLine-5"
      />
      <div
        class="makeStyles-inputsWrapper-2"
      >
        <div
          class="makeStyles-root-14"
        >
          <label
            class="makeStyles-label-16"
            for="amount"
          >
            Amount
          </label>
          <input
            class="makeStyles-input-15"
            data-testid="amountInput"
            id="amount"
            inputmode="decimal"
            name="amount"
            placeholder="e.g.  1,000.00"
            type="text"
            value=""
          />
        </div>
        <div
          class="makeStyles-root-17"
        >
          <label
            class="makeStyles-label-21"
            for="currencyFrom"
          >
            From
          </label>
          <div
            class="MuiInputBase-root MuiInput-root MuiInput-underline makeStyles-select-18"
            data-testid="selectCurrencycurrencyFrom"
          >
            <div
              aria-haspopup="listbox"
              aria-labelledby="currencyFrom"
              class="MuiSelect-root MuiSelect-select MuiSelect-selectMenu MuiInputBase-input MuiInput-input"
              id="currencyFrom"
              role="button"
              tabindex="0"
            >
              <span
                class="sc-bdfBQB sc-gsTEea jczEZi fzESjn makeStyles-currencyFlag-22"
              />
              PLN
              <span
                class="makeStyles-currencyName-23"
              >
                 - 
                Pol
              </span>
            </div>
            <input
              aria-hidden="true"
              class="MuiSelect-nativeInput"
              tabindex="-1"
              value="PLN"
            />
            <svg
              class="MuiSelect-icon"
              fill="none"
              height="20"
              style="margin-top: 1px;"
              viewBox="0 0 24 24"
              width="40"
              xmlns="http://www.w3.org/2000/svg"
            >
              <path
                d="M11.434 12.734L7.25 8.55a1.06 1.06 0 00-1.5 1.5l5.543 5.543a1 1 0 001.414 0l5.543-5.543a1.06 1.06 0 10-1.5-1.5l-4.184 4.184a.8.8 0 01-1.132 0z"
                fill="#565674"
              />
            </svg>
          </div>
        </div>
        <svg
          class="makeStyles-root-24 makeStyles-iconUpDownArrows-11"
          fill="none"
          height="24"
          viewBox="0 0 24 24"
          width="24"
          xmlns="http://www.w3.org/2000/svg"
        >
          <path
            d="M7 6.6V20c0 .6.4 1 1 1s1-.4 1-1V6.6H7zm8 10.8V4c0-.6.4-1 1-1s1 .4 1 1v13.4h-2z"
            fill="#000"
          />
          <path
            d="M3 6.6h10L8.7 2.3c-.4-.4-1-.4-1.4 0L3 6.6zm8 10.8h10l-4.3 4.3c-.4.4-1 .4-1.4 0L11 17.4z"
            fill="#000"
            opacity="0.8"
          />
        </svg>
        <svg
          class="makeStyles-root-25 makeStyles-iconLeftRightArrows-12"
          fill="none"
          height="24"
          viewBox="0 0 24 24"
          width="24"
          xmlns="http://www.w3.org/2000/svg"
        >
          <path
            d="M17.4 7H4c-.6 0-1 .4-1 1s.4 1 1 1h13.4V7zM6.6 15H20c.6 0 1 .4 1 1s-.4 1-1 1H6.6v-2z"
            fill="#000"
          />
          <path
            d="M17.4 3v10l4.3-4.3c.4-.4.4-1 0-1.4L17.4 3zM6.6 11v10l-4.3-4.3c-.4-.4-.4-1 0-1.4L6.6 11z"
            fill="#000"
            opacity="0.3"
          />
        </svg>
        <div
          class="makeStyles-root-17"
        >
          <label
            class="makeStyles-label-21"
            for="currencyTo"
          >
            To
          </label>
          <div
            class="MuiInputBase-root MuiInput-root MuiInput-underline makeStyles-select-18"
            data-testid="selectCurrencycurrencyTo"
          >
            <div
              aria-haspopup="listbox"
              aria-labelledby="currencyTo"
              class="MuiSelect-root MuiSelect-select MuiSelect-selectMenu MuiInputBase-input MuiInput-input"
              id="currencyTo"
              role="button"
              tabindex="0"
            >
              <span
                class="sc-bdfBQB sc-gsTEea jczEZi eqTMSR makeStyles-currencyFlag-22"
              />
              GBP
              <span
                class="makeStyles-currencyName-23"
              >
                 - 
                Eng
              </span>
            </div>
            <input
              aria-hidden="true"
              class="MuiSelect-nativeInput"
              tabindex="-1"
              value="GBP"
            />
            <svg
              class="MuiSelect-icon"
              fill="none"
              height="20"
              style="margin-top: 1px;"
              viewBox="0 0 24 24"
              width="40"
              xmlns="http://www.w3.org/2000/svg"
            >
              <path
                d="M11.434 12.734L7.25 8.55a1.06 1.06 0 00-1.5 1.5l5.543 5.543a1 1 0 001.414 0l5.543-5.543a1.06 1.06 0 10-1.5-1.5l-4.184 4.184a.8.8 0 01-1.132 0z"
                fill="#565674"
              />
            </svg>
          </div>
        </div>
      </div>
      <div
        class="makeStyles-converterResultWrapper-13"
      >
        <button
          class="makeStyles-root-26 makeStyles-convertButton-10"
          data-testid="convertButton"
          disabled=""
          type="button"
        >
          Convert
        </button>
      </div>
    </div>
  </div>
</div>
`;
